// Jest Snapshot v1, https://goo.gl/fbAQLP

exports[`Films should match snapshot 1`] = `
<Component>
  <BrowserRouter>
    <Router
      history={
        Object {
          "action": "POP",
          "block": [Function],
          "createHref": [Function],
          "go": [Function],
          "goBack": [Function],
          "goForward": [Function],
          "length": 1,
          "listen": [Function],
          "location": Object {
            "hash": "",
            "pathname": "/",
            "search": "",
            "state": undefined,
          },
          "push": [Function],
          "replace": [Function],
        }
      }
    >
      <div
        className="App"
      >
        <Uncontrolled(Navbar)
          bsStyle="default"
        >
          <Navbar
            bsClass="navbar"
            bsStyle="default"
            collapseOnSelect={false}
            componentClass="nav"
            expanded={undefined}
            fixedBottom={false}
            fixedTop={false}
            fluid={false}
            inverse={false}
            onToggle={[Function]}
            staticTop={false}
          >
            <nav
              className="navbar navbar-default"
            >
              <Grid
                bsClass="container"
                componentClass="div"
                fluid={false}
              >
                <div
                  className="container"
                >
                  <NavbarHeader>
                    <div
                      className="navbar-header"
                    >
                      <NavbarBrand>
                        <a
                          className="navbar-brand"
                          href="/"
                        >
                          ReactWars
                        </a>
                      </NavbarBrand>
                    </div>
                  </NavbarHeader>
                  <Nav
                    bsClass="nav"
                    justified={false}
                    pullLeft={false}
                    pullRight={false}
                    stacked={false}
                  >
                    <ul
                      className="nav navbar-nav"
                      role={null}
                    >
                      <NavItem
                        active={false}
                        activeHref={undefined}
                        activeKey={undefined}
                        disabled={false}
                        eventKey={1}
                        href="/films"
                        key=".0"
                        onSelect={null}
                      >
                        <li
                          className=""
                          role="presentation"
                          style={undefined}
                        >
                          <SafeAnchor
                            componentClass="a"
                            disabled={false}
                            href="/films"
                            onClick={[Function]}
                          >
                            <a
                              href="/films"
                              onClick={[Function]}
                              onKeyDown={[Function]}
                            >
                              Films
                            </a>
                          </SafeAnchor>
                        </li>
                      </NavItem>
                      <NavDropdown
                        active={undefined}
                        activeHref={undefined}
                        activeKey={undefined}
                        eventKey={3}
                        id="basic-nav-dropdown"
                        key=".1"
                        onSelect={null}
                        title="Help"
                      >
                        <Uncontrolled(Dropdown)
                          className=""
                          componentClass="li"
                          id="basic-nav-dropdown"
                          onSelect={null}
                          style={undefined}
                        >
                          <Dropdown
                            bsClass="dropdown"
                            className=""
                            componentClass="li"
                            id="basic-nav-dropdown"
                            onSelect={null}
                            onToggle={[Function]}
                            open={undefined}
                            style={undefined}
                          >
                            <li
                              className="dropdown"
                              style={undefined}
                            >
                              <DropdownToggle
                                bsClass="dropdown-toggle"
                                bsRole="toggle"
                                disabled={undefined}
                                id="basic-nav-dropdown"
                                key=".0"
                                onClick={[Function]}
                                onKeyDown={[Function]}
                                open={false}
                                role={undefined}
                                useAnchor={true}
                              >
                                <SafeAnchor
                                  aria-expanded={false}
                                  aria-haspopup={true}
                                  className="dropdown-toggle"
                                  componentClass="a"
                                  disabled={undefined}
                                  id="basic-nav-dropdown"
                                  onClick={[Function]}
                                  onKeyDown={[Function]}
                                  role="button"
                                >
                                  <a
                                    aria-expanded={false}
                                    aria-haspopup={true}
                                    className="dropdown-toggle"
                                    href="#"
                                    id="basic-nav-dropdown"
                                    onClick={[Function]}
                                    onKeyDown={[Function]}
                                    role="button"
                                  >
                                    Help
                                     
                                    <span
                                      className="caret"
                                    />
                                  </a>
                                </SafeAnchor>
                              </DropdownToggle>
                              <DropdownMenu
                                bsClass="dropdown-menu"
                                bsRole="menu"
                                key=".1"
                                labelledBy="basic-nav-dropdown"
                                onClose={[Function]}
                                onSelect={[Function]}
                                open={undefined}
                                pullRight={false}
                                rootCloseEvent={undefined}
                              >
                                <RootCloseWrapper
                                  disabled={true}
                                  event="click"
                                  onRootClose={[Function]}
                                >
                                  <ul
                                    aria-labelledby="basic-nav-dropdown"
                                    className="dropdown-menu"
                                    role="menu"
                                  >
                                    <MenuItem
                                      active={undefined}
                                      bsClass="dropdown"
                                      disabled={false}
                                      divider={false}
                                      eventKey={3.1}
                                      header={false}
                                      href="/about"
                                      key=".$.0"
                                      onKeyDown={[Function]}
                                      onSelect={[Function]}
                                    >
                                      <li
                                        className=""
                                        role="presentation"
                                        style={undefined}
                                      >
                                        <SafeAnchor
                                          componentClass="a"
                                          href="/about"
                                          onClick={[Function]}
                                          onKeyDown={[Function]}
                                          role="menuitem"
                                          tabIndex="-1"
                                        >
                                          <a
                                            href="/about"
                                            onClick={[Function]}
                                            onKeyDown={[Function]}
                                            role="menuitem"
                                            tabIndex="-1"
                                          >
                                            About
                                          </a>
                                        </SafeAnchor>
                                      </li>
                                    </MenuItem>
                                  </ul>
                                </RootCloseWrapper>
                              </DropdownMenu>
                            </li>
                          </Dropdown>
                        </Uncontrolled(Dropdown)>
                      </NavDropdown>
                    </ul>
                  </Nav>
                </div>
              </Grid>
            </nav>
          </Navbar>
        </Uncontrolled(Navbar)>
        <Switch>
          <Route
            component={[Function]}
            computedMatch={
              Object {
                "isExact": true,
                "params": Object {},
                "path": "/",
                "url": "/",
              }
            }
            exact={true}
            location={
              Object {
                "hash": "",
                "pathname": "/",
                "search": "",
                "state": undefined,
              }
            }
            path="/"
          >
            <FilmsPanel
              history={
                Object {
                  "action": "POP",
                  "block": [Function],
                  "createHref": [Function],
                  "go": [Function],
                  "goBack": [Function],
                  "goForward": [Function],
                  "length": 1,
                  "listen": [Function],
                  "location": Object {
                    "hash": "",
                    "pathname": "/",
                    "search": "",
                    "state": undefined,
                  },
                  "push": [Function],
                  "replace": [Function],
                }
              }
              location={
                Object {
                  "hash": "",
                  "pathname": "/",
                  "search": "",
                  "state": undefined,
                }
              }
              match={
                Object {
                  "isExact": true,
                  "params": Object {},
                  "path": "/",
                  "url": "/",
                }
              }
              staticContext={undefined}
            >
              <div>
                <h3>
                  Film list
                </h3>
                <ListGroup
                  bsClass="list-group"
                >
                  <ul
                    className="list-group"
                  />
                </ListGroup>
              </div>
            </FilmsPanel>
          </Route>
        </Switch>
      </div>
    </Router>
  </BrowserRouter>
</Component>
`;
